127.0.0.1 - - [21/Jan/2021:09:20:59 +0900] "GET / HTTP/1.1" 404 807
0:0:0:0:0:0:0:1 - - [21/Jan/2021:09:21:00 +0900] "GET /01_Servlet/Hello HTTP/1.1" 200 38
127.0.0.1 - - [21/Jan/2021:09:59:27 +0900] "GET / HTTP/1.1" 404 807
0:0:0:0:0:0:0:1 - - [21/Jan/2021:09:59:27 +0900] "GET /01_Servlet/ex04.html HTTP/1.1" 200 882
0:0:0:0:0:0:0:1 - - [21/Jan/2021:10:00:06 +0900] "GET /01_Servlet/signup?name=ho&id=&pwd=&pwd2=&email= HTTP/1.1" 404 828
0:0:0:0:0:0:0:1 - - [21/Jan/2021:10:01:07 +0900] "GET /01_Servlet/signup?name=gildong&id=hong&pwd=1234&pwd2=1234&email=hong%40test.com&hobby=%EC%9A%B4%EB%8F%99&hobby=%EA%B2%8C%EC%9E%84 HTTP/1.1" 404 828
0:0:0:0:0:0:0:1 - - [21/Jan/2021:10:02:03 +0900] "GET /01_Servlet/ex04.html HTTP/1.1" 200 879
0:0:0:0:0:0:0:1 - - [21/Jan/2021:10:02:56 +0900] "GET /01_Servlet/signup?name=%EA%B8%B8%EB%8F%99&id=hong&pwd=1234&pwd2=1234&email=hong%40test.com&hobby=sport&hobby=game HTTP/1.1" 404 828
127.0.0.1 - - [21/Jan/2021:10:11:32 +0900] "GET / HTTP/1.1" 404 807
0:0:0:0:0:0:0:1 - - [21/Jan/2021:10:11:35 +0900] "GET /01_Servlet/ex04.html HTTP/1.1" 304 -
0:0:0:0:0:0:0:1 - - [21/Jan/2021:10:11:56 +0900] "GET /01_Servlet/signup HTTP/1.1" 200 -
0:0:0:0:0:0:0:1 - - [21/Jan/2021:10:12:18 +0900] "GET /01_Servlet/signup?name=%ED%99%8D%EA%B8%B8%EB%8F%99&id=hong&pwd=1234&pwd2=1234&email=hong%40test.com&hobby=movie HTTP/1.1" 200 -
127.0.0.1 - - [21/Jan/2021:10:13:44 +0900] "GET /01_Servlet/signup?name=%ED%99%8D%EA%B8%B8%EB%8F%99&id=hong&pwd=1234&pwd2=1234&email=hong%40test.com&hobby=movie HTTP/1.1" 200 -
127.0.0.1 - - [21/Jan/2021:10:13:44 +0900] "GET / HTTP/1.1" 404 807
127.0.0.1 - - [21/Jan/2021:10:13:46 +0900] "GET /01_Servlet/signup?name=%ED%99%8D%EA%B8%B8%EB%8F%99&id=hong&pwd=&pwd2=&email=hong%40test.com&hobby=movie HTTP/1.1" 200 -
127.0.0.1 - - [21/Jan/2021:10:15:49 +0900] "GET / HTTP/1.1" 404 807
0:0:0:0:0:0:0:1 - - [21/Jan/2021:10:16:29 +0900] "GET /01_Servlet/signup?name=%ED%99%8D%EA%B8%B8%EB%8F%99&id=hong&pwd=1234&pwd2=aaaa&email=hong%40test.com&hobby=game&hobby=movie HTTP/1.1" 200 -
127.0.0.1 - - [21/Jan/2021:10:18:31 +0900] "GET / HTTP/1.1" 404 807
0:0:0:0:0:0:0:1 - - [21/Jan/2021:10:19:11 +0900] "GET /01_Servlet/signup?name=%ED%99%8D%EA%B8%B8%EB%8F%99&id=hong&pwd=1234&pwd2=1234&email=hong%40test.com HTTP/1.1" 200 -
127.0.0.1 - - [21/Jan/2021:10:19:50 +0900] "GET / HTTP/1.1" 404 807
0:0:0:0:0:0:0:1 - - [21/Jan/2021:10:20:23 +0900] "GET /01_Servlet/signup?name=%ED%99%8D%EA%B8%B8%EB%8F%99&id=hong&pwd=1234&pwd2=1234&email=hong%40test.com HTTP/1.1" 200 -
0:0:0:0:0:0:0:1 - - [21/Jan/2021:10:21:12 +0900] "GET /01_Servlet/signup?name=%ED%99%8D%EA%B8%B8%EB%8F%99&id=hong&pwd=1111&pwd2=1111&email=hong%40test.com&hobby=game&hobby=reading HTTP/1.1" 200 -
127.0.0.1 - - [21/Jan/2021:10:24:41 +0900] "GET / HTTP/1.1" 404 807
0:0:0:0:0:0:0:1 - - [21/Jan/2021:10:24:47 +0900] "GET /01_Servlet/signup?name=%ED%99%8D%EA%B8%B8%EB%8F%99&id=hong&pwd=1234&pwd2=1234&email=hong%40test.com&hobby=game&hobby=reading HTTP/1.1" 200 -
127.0.0.1 - - [21/Jan/2021:10:31:47 +0900] "GET / HTTP/1.1" 404 807
0:0:0:0:0:0:0:1 - - [21/Jan/2021:10:32:18 +0900] "GET /01_Servlet/signup?name=%ED%99%8D%EA%B8%B8%EB%8F%99&id=hong&pwd=1234&pwd2=1234&email=hong%40test.com&hobby=movie&hobby=reading HTTP/1.1" 200 169
0:0:0:0:0:0:0:1 - - [21/Jan/2021:10:44:36 +0900] "GET /01_Servlet/signup?name=%ED%99%8D%EA%B8%B8%EB%8F%99&id=hong&pwd=1234&pwd2=1234&email=hong%40test.com&hobby=movie&hobby=reading HTTP/1.1" 200 173
127.0.0.1 - - [21/Jan/2021:10:44:51 +0900] "GET / HTTP/1.1" 404 807
0:0:0:0:0:0:0:1 - - [21/Jan/2021:10:44:57 +0900] "GET /01_Servlet/signup?name=%ED%99%8D%EA%B8%B8%EB%8F%99&id=hong&pwd=1234&pwd2=1234&email=hong%40test.com&hobby=movie&hobby=reading HTTP/1.1" 200 173
0:0:0:0:0:0:0:1 - - [21/Jan/2021:10:45:36 +0900] "GET /01_Servlet/signup?name=%ED%99%8D%EA%B8%B8%EB%8F%99&id=hong&pwd=1234&pwd2=1234&email=hong%40test.com HTTP/1.1" 500 123
127.0.0.1 - - [21/Jan/2021:10:47:50 +0900] "GET / HTTP/1.1" 404 807
0:0:0:0:0:0:0:1 - - [21/Jan/2021:10:48:23 +0900] "GET /01_Servlet/signup?name=%ED%99%8D%EA%B8%B8%EB%8F%99&id=hong&pwd=1234&pwd2=1234&email=hong%40test.com HTTP/1.1" 200 143
127.0.0.1 - - [21/Jan/2021:10:55:20 +0900] "GET / HTTP/1.1" 404 807
0:0:0:0:0:0:0:1 - - [21/Jan/2021:10:55:57 +0900] "GET /01_Servlet/signup?name=%ED%99%8D%EA%B8%B8%EB%8F%99&id=hong&pwd=1234&pwd2=1234&email=hong%40test.com&hobby=sport&hobby=game&hobby=movie HTTP/1.1" 200 404
127.0.0.1 - - [21/Jan/2021:11:00:17 +0900] "GET / HTTP/1.1" 404 807
0:0:0:0:0:0:0:1 - - [21/Jan/2021:11:00:23 +0900] "GET /01_Servlet/signup?name=%ED%99%8D%EA%B8%B8%EB%8F%99&id=hong&pwd=1234&pwd2=2&email=hong%40test.com&hobby=sport&hobby=game&hobby=movie HTTP/1.1" 200 505
0:0:0:0:0:0:0:1 - - [21/Jan/2021:11:00:43 +0900] "GET /01_Servlet/signup?name=%ED%99%8D%EA%B8%B8%EB%8F%99&id=hong&pwd=1234&pwd2=1234&email=hong%40test.com&hobby=sport&hobby=game&hobby=movie HTTP/1.1" 200 505
0:0:0:0:0:0:0:1 - - [21/Jan/2021:11:05:00 +0900] "GET /01_Servlet/ex04.html HTTP/1.1" 304 -
0:0:0:0:0:0:0:1 - - [21/Jan/2021:11:05:12 +0900] "GET /01_Servlet/signup?name=%ED%99%8D%EA%B8%B8%EB%8F%99&id=hong&pwd=3333&pwd2=3333&email=hong%40test.com&hobby=game&hobby=movie HTTP/1.1" 200 471
127.0.0.1 - - [21/Jan/2021:11:13:54 +0900] "GET / HTTP/1.1" 404 807
0:0:0:0:0:0:0:1 - - [21/Jan/2021:11:13:54 +0900] "GET /01_Servlet/ex05.html HTTP/1.1" 200 932
127.0.0.1 - - [21/Jan/2021:11:26:06 +0900] "GET / HTTP/1.1" 404 807
0:0:0:0:0:0:0:1 - - [21/Jan/2021:11:26:07 +0900] "GET /01_Servlet/sungjuk HTTP/1.1" 200 -
0:0:0:0:0:0:0:1 - - [21/Jan/2021:11:26:43 +0900] "GET /01_Servlet/ex05.html HTTP/1.1" 304 -
0:0:0:0:0:0:0:1 - - [21/Jan/2021:11:26:50 +0900] "GET /01_Servlet/sungjuk?name=%ED%99%8D%EA%B8%B8%EB%8F%99&kor=100&eng=90&math=81 HTTP/1.1" 200 -
127.0.0.1 - - [21/Jan/2021:11:42:27 +0900] "GET / HTTP/1.1" 404 807
0:0:0:0:0:0:0:1 - - [21/Jan/2021:11:42:27 +0900] "GET /01_Servlet/sungjuk HTTP/1.1" 200 260
127.0.0.1 - - [21/Jan/2021:11:43:54 +0900] "GET / HTTP/1.1" 404 807
0:0:0:0:0:0:0:1 - - [21/Jan/2021:11:43:54 +0900] "GET /01_Servlet/sungjuk HTTP/1.1" 200 296
0:0:0:0:0:0:0:1 - - [21/Jan/2021:11:44:00 +0900] "GET /01_Servlet/ HTTP/1.1" 200 300
0:0:0:0:0:0:0:1 - - [21/Jan/2021:11:44:10 +0900] "GET /01_Servlet/ex05.html HTTP/1.1" 304 -
0:0:0:0:0:0:0:1 - - [21/Jan/2021:11:44:12 +0900] "GET /01_Servlet/sungjuk?name=%ED%99%8D%EA%B8%B8%EB%8F%99&kor=100&eng=90&math=81 HTTP/1.1" 200 296
0:0:0:0:0:0:0:1 - - [21/Jan/2021:11:47:04 +0900] "GET /01_Servlet/sungjuk?name=%ED%99%8D%EA%B8%B8%EB%8F%99&kor=100&eng=90&math=81 HTTP/1.1" 200 301
0:0:0:0:0:0:0:1 - - [21/Jan/2021:11:47:31 +0900] "GET /01_Servlet/sungjuk?name=%EB%AF%B8%EB%AF%B8&kor=88&eng=64&math=98 HTTP/1.1" 200 297
0:0:0:0:0:0:0:1 - - [21/Jan/2021:11:48:22 +0900] "GET /01_Servlet/sungjuk?name=%EB%AF%B8%EB%AF%B8&kor=88&eng=64&math=98 HTTP/1.1" 200 297
0:0:0:0:0:0:0:1 - - [21/Jan/2021:11:48:27 +0900] "GET /01_Servlet/sungjuk?name=%EB%AF%B8%EB%AF%B8&kor=88&eng=64&math=98 HTTP/1.1" 200 310
0:0:0:0:0:0:0:1 - - [21/Jan/2021:11:49:53 +0900] "GET /01_Servlet/sungjuk?name=%ED%99%8D%EA%B8%B8%EB%8F%99&kor=100&eng=90&math=81 HTTP/1.1" 200 314
0:0:0:0:0:0:0:1 - - [21/Jan/2021:11:50:03 +0900] "GET /01_Servlet/ex05.html HTTP/1.1" 304 -
0:0:0:0:0:0:0:1 - - [21/Jan/2021:11:50:03 +0900] "GET /01_Servlet/sungjuk?name=%ED%99%8D%EA%B8%B8%EB%8F%99&kor=100&eng=90&math=81 HTTP/1.1" 200 314
0:0:0:0:0:0:0:1 - - [21/Jan/2021:11:50:11 +0900] "GET /01_Servlet/sungjuk?name=%ED%99%8D%EA%B8%B8%EB%8F%99&kor=100&eng=90&math=81 HTTP/1.1" 200 314
0:0:0:0:0:0:0:1 - - [21/Jan/2021:11:50:19 +0900] "GET /01_Servlet/sungjuk?name=%ED%99%8D%EA%B8%B8%EB%8F%99&kor=100&eng=90&math=81 HTTP/1.1" 200 314
0:0:0:0:0:0:0:1 - - [21/Jan/2021:11:50:36 +0900] "GET /01_Servlet/sungjuk?name=%ED%99%8D%EA%B8%B8%EB%8F%99&kor=100&eng=90&math=81 HTTP/1.1" 200 314
0:0:0:0:0:0:0:1 - - [21/Jan/2021:11:50:53 +0900] "GET /01_Servlet/sungjuk?name=%ED%99%8D%EA%B8%B8%EB%8F%99&kor=100&eng=90&math=81 HTTP/1.1" 200 314
0:0:0:0:0:0:0:1 - - [21/Jan/2021:11:51:01 +0900] "GET /01_Servlet/sungjuk?name=%ED%99%8D%EA%B8%B8%EB%8F%99&kor=100&eng=90&math=81 HTTP/1.1" 200 314
0:0:0:0:0:0:0:1 - - [21/Jan/2021:11:51:27 +0900] "GET /01_Servlet/sungjuk?name=%ED%99%8D%EA%B8%B8%EB%8F%99&kor=100&eng=90&math=81 HTTP/1.1" 200 314
0:0:0:0:0:0:0:1 - - [21/Jan/2021:11:52:53 +0900] "GET /01_Servlet/sungjuk?name=%ED%99%8D%EA%B8%B8%EB%8F%99&kor=100&eng=90&math=81 HTTP/1.1" 200 314
0:0:0:0:0:0:0:1 - - [21/Jan/2021:11:52:58 +0900] "GET /01_Servlet/sungjuk?name=%ED%99%8D%EA%B8%B8%EB%8F%99&kor=100&eng=90&math=81 HTTP/1.1" 200 302
0:0:0:0:0:0:0:1 - - [21/Jan/2021:11:56:31 +0900] "GET /01_Servlet/sungjuk?name=%ED%99%8D%EA%B8%B8%EB%8F%99&kor=100&eng=90&math=81 HTTP/1.1" 200 302
0:0:0:0:0:0:0:1 - - [21/Jan/2021:11:56:36 +0900] "GET /01_Servlet/sungjuk?name=%ED%99%8D%EA%B8%B8%EB%8F%99&kor=100&eng=90&math=82 HTTP/1.1" 200 302
0:0:0:0:0:0:0:1 - - [21/Jan/2021:11:57:38 +0900] "GET /01_Servlet/ex05.html HTTP/1.1" 200 994
0:0:0:0:0:0:0:1 - - [21/Jan/2021:11:59:26 +0900] "GET /01_Servlet/sungjuk?name=%ED%99%8D%EA%B8%B8%EB%8F%99&kor=100&eng=90&math=81 HTTP/1.1" 200 345
0:0:0:0:0:0:0:1 - - [21/Jan/2021:11:59:55 +0900] "GET /01_Servlet/sungjuk?name=%ED%99%8D%EA%B8%B8%EB%8F%99&kor=100&eng=90&math=81 HTTP/1.1" 200 346
127.0.0.1 - - [21/Jan/2021:13:19:28 +0900] "GET / HTTP/1.1" 404 807
0:0:0:0:0:0:0:1 - - [21/Jan/2021:13:19:28 +0900] "GET /01_Servlet/sungjuk HTTP/1.1" 500 1247
0:0:0:0:0:0:0:1 - - [21/Jan/2021:13:19:38 +0900] "GET /01_Servlet/ex05.html HTTP/1.1" 304 -
0:0:0:0:0:0:0:1 - - [21/Jan/2021:13:19:52 +0900] "GET /01_Servlet/sungjuk?name=%E3%84%B4%E3%84%B4%E3%84%B4&kor=35&eng=90&math=81 HTTP/1.1" 200 345
0:0:0:0:0:0:0:1 - - [21/Jan/2021:13:20:17 +0900] "GET /01_Servlet/sungjuk?name=%E3%84%B4%E3%84%B4%E3%84%B4&kor=35&eng=90&math=81 HTTP/1.1" 200 345
0:0:0:0:0:0:0:1 - - [21/Jan/2021:13:20:20 +0900] "GET /01_Servlet/ex05.html HTTP/1.1" 304 -
0:0:0:0:0:0:0:1 - - [21/Jan/2021:13:20:21 +0900] "GET /01_Servlet/sungjuk?name=%ED%99%8D%EA%B8%B8%EB%8F%99&kor=100&eng=90&math=81 HTTP/1.1" 200 346
127.0.0.1 - - [21/Jan/2021:13:20:32 +0900] "GET / HTTP/1.1" 404 807
0:0:0:0:0:0:0:1 - - [21/Jan/2021:13:20:32 +0900] "GET /01_Servlet/sungjuk HTTP/1.1" 500 1247
0:0:0:0:0:0:0:1 - - [21/Jan/2021:13:20:51 +0900] "GET /01_Servlet/sungjuk?name=%ED%99%8D%EA%B8%B8%EB%8F%99&kor=100&eng=90&math=81 HTTP/1.1" 200 346
0:0:0:0:0:0:0:1 - - [21/Jan/2021:13:22:26 +0900] "GET /01_Servlet/sungjuk?name=%ED%99%8D%EA%B8%B8%EB%8F%99&kor=100&eng=90&math=81 HTTP/1.1" 200 346
127.0.0.1 - - [21/Jan/2021:13:23:29 +0900] "GET / HTTP/1.1" 404 807
0:0:0:0:0:0:0:1 - - [21/Jan/2021:13:23:31 +0900] "GET /01_Servlet/sungjuk?name=%ED%99%8D%EA%B8%B8%EB%8F%99&kor=100&eng=90&math=81 HTTP/1.1" 200 346
0:0:0:0:0:0:0:1 - - [21/Jan/2021:13:24:10 +0900] "GET /01_Servlet/ex05.html HTTP/1.1" 200 1008
0:0:0:0:0:0:0:1 - - [21/Jan/2021:13:24:11 +0900] "POST /01_Servlet/sungjuk HTTP/1.1" 200 346
127.0.0.1 - - [21/Jan/2021:13:30:26 +0900] "GET / HTTP/1.1" 404 807
0:0:0:0:0:0:0:1 - - [21/Jan/2021:13:30:27 +0900] "GET /01_Servlet/sungjuk HTTP/1.1" 500 1247
127.0.0.1 - - [21/Jan/2021:13:31:18 +0900] "GET / HTTP/1.1" 404 807
127.0.0.1 - - [21/Jan/2021:13:31:29 +0900] "GET / HTTP/1.1" 404 807
0:0:0:0:0:0:0:1 - - [21/Jan/2021:13:31:34 +0900] "GET /01_Servlet/sungjuk HTTP/1.1" 500 1247
0:0:0:0:0:0:0:1 - - [21/Jan/2021:13:31:51 +0900] "GET /01_Servlet/ex05.html HTTP/1.1" 304 -
0:0:0:0:0:0:0:1 - - [21/Jan/2021:13:31:54 +0900] "POST /01_Servlet/sungjuk HTTP/1.1" 200 -
127.0.0.1 - - [21/Jan/2021:13:32:35 +0900] "GET / HTTP/1.1" 404 807
0:0:0:0:0:0:0:1 - - [21/Jan/2021:13:32:41 +0900] "GET /01_Servlet/sungjuk HTTP/1.1" 500 1247
0:0:0:0:0:0:0:1 - - [21/Jan/2021:13:32:47 +0900] "POST /01_Servlet/sungjuk HTTP/1.1" 200 346
0:0:0:0:0:0:0:1 - - [21/Jan/2021:13:47:07 +0900] "GET /01_Servlet/ex06_request.jsp HTTP/1.1" 500 2404
127.0.0.1 - - [21/Jan/2021:13:47:21 +0900] "GET / HTTP/1.1" 404 807
0:0:0:0:0:0:0:1 - - [21/Jan/2021:13:47:26 +0900] "GET /01_Servlet/ex06_request.jsp HTTP/1.1" 500 2404
127.0.0.1 - - [21/Jan/2021:13:48:32 +0900] "GET / HTTP/1.1" 404 807
0:0:0:0:0:0:0:1 - - [21/Jan/2021:13:48:32 +0900] "GET /01_Servlet/ex06_request.jsp HTTP/1.1" 500 2404
127.0.0.1 - - [21/Jan/2021:13:49:07 +0900] "GET / HTTP/1.1" 404 807
0:0:0:0:0:0:0:1 - - [21/Jan/2021:13:49:13 +0900] "GET /01_Servlet/ex06_request.jsp HTTP/1.1" 500 2404
127.0.0.1 - - [21/Jan/2021:13:58:42 +0900] "GET / HTTP/1.1" 404 807
0:0:0:0:0:0:0:1 - - [21/Jan/2021:13:58:52 +0900] "GET /01_Servlet/ex_06_response.jsp HTTP/1.1" 500 2688
127.0.0.1 - - [21/Jan/2021:14:01:05 +0900] "GET / HTTP/1.1" 404 807
0:0:0:0:0:0:0:1 - - [21/Jan/2021:14:01:06 +0900] "GET /01_Servlet/ex_06_response.jsp HTTP/1.1" 500 2645
0:0:0:0:0:0:0:1 - - [21/Jan/2021:14:01:18 +0900] "GET /01_Servlet/ex06_request.jsp HTTP/1.1" 200 526
0:0:0:0:0:0:0:1 - - [21/Jan/2021:14:01:23 +0900] "GET /01_Servlet/ex06_response.jsp?name=%ED%99%8D%EA%B8%B8%EB%8F%99&kor=100&eng=90&math=81 HTTP/1.1" 404 809
0:0:0:0:0:0:0:1 - - [21/Jan/2021:14:04:03 +0900] "GET /01_Servlet/ex06_response.jsp?name=%ED%99%8D%EA%B8%B8%EB%8F%99&kor=100&eng=90&math=81 HTTP/1.1" 404 809
0:0:0:0:0:0:0:1 - - [21/Jan/2021:14:04:08 +0900] "GET /01_Servlet/ex06_response.jsp?name=%ED%99%8D%EA%B8%B8%EB%8F%99&kor=100&eng=92&math=81 HTTP/1.1" 404 809
0:0:0:0:0:0:0:1 - - [21/Jan/2021:14:05:10 +0900] "GET /01_Servlet/ex06_response.jsp?name=%ED%99%8D%EA%B8%B8%EB%8F%99&kor=100&eng=92&math=81 HTTP/1.1" 200 742
127.0.0.1 - - [21/Jan/2021:14:23:01 +0900] "GET / HTTP/1.1" 404 807
0:0:0:0:0:0:0:1 - - [21/Jan/2021:14:23:02 +0900] "GET /02_JSP/Hello.jsp HTTP/1.1" 200 137
0:0:0:0:0:0:0:1 - - [21/Jan/2021:14:33:02 +0900] "GET /01_Servlet/request HTTP/1.1" 404 829
0:0:0:0:0:0:0:1 - - [21/Jan/2021:14:33:13 +0900] "GET /01_Servlet/ex06_request HTTP/1.1" 404 834
0:0:0:0:0:0:0:1 - - [21/Jan/2021:14:33:49 +0900] "GET /01_Servlet/ex06_request HTTP/1.1" 404 834
0:0:0:0:0:0:0:1 - - [21/Jan/2021:14:34:04 +0900] "GET /01_Servlet/ex06_response HTTP/1.1" 404 835
0:0:0:0:0:0:0:1 - - [21/Jan/2021:14:35:43 +0900] "GET /01_Servlet/ex06_request.jsp HTTP/1.1" 200 526
0:0:0:0:0:0:0:1 - - [21/Jan/2021:14:36:00 +0900] "GET /01_Servlet/ex06_response.jsp?name=%ED%99%8D%EA%B8%B8%EB%8F%99&kor=100&eng=90&math=81 HTTP/1.1" 200 743
0:0:0:0:0:0:0:1 - - [21/Jan/2021:14:37:34 +0900] "GET /02_JSP/Hello.jsp HTTP/1.1" 200 137
127.0.0.1 - - [21/Jan/2021:14:52:13 +0900] "GET / HTTP/1.1" 404 807
0:0:0:0:0:0:0:1 - - [21/Jan/2021:14:52:15 +0900] "GET /02_JSP/ex00_JSP%EC%84%A4%EB%AA%85.jsp HTTP/1.1" 200 177
0:0:0:0:0:0:0:1 - - [21/Jan/2021:15:19:48 +0900] "GET /02_JSP/ex01_scriptlet.jsp HTTP/1.1" 200 246
0:0:0:0:0:0:0:1 - - [21/Jan/2021:15:21:23 +0900] "GET /02_JSP/ex01_scriptlet.jsp HTTP/1.1" 200 246
0:0:0:0:0:0:0:1 - - [21/Jan/2021:15:25:55 +0900] "GET /02_JSP/ex01_scriptlet.jsp HTTP/1.1" 200 336
0:0:0:0:0:0:0:1 - - [21/Jan/2021:15:25:55 +0900] "GET /02_JSP/ex01_scriptlet.jsp HTTP/1.1" 200 336
0:0:0:0:0:0:0:1 - - [21/Jan/2021:15:30:46 +0900] "GET /02_JSP/ex02_scriptlet_sum.jsp HTTP/1.1" 200 256
0:0:0:0:0:0:0:1 - - [21/Jan/2021:15:40:30 +0900] "GET /02_JSP/ex02_scriptlet_sum.jsp HTTP/1.1" 200 288
0:0:0:0:0:0:0:1 - - [21/Jan/2021:15:40:30 +0900] "GET /02_JSP/ex02_scriptlet_sum.jsp HTTP/1.1" 200 288
0:0:0:0:0:0:0:1 - - [21/Jan/2021:15:40:30 +0900] "GET /02_JSP/ex02_scriptlet_sum.jsp HTTP/1.1" 200 288
0:0:0:0:0:0:0:1 - - [21/Jan/2021:15:40:31 +0900] "GET /02_JSP/ex02_scriptlet_sum.jsp HTTP/1.1" 200 288
0:0:0:0:0:0:0:1 - - [21/Jan/2021:15:40:52 +0900] "GET /02_JSP/ex02_scriptlet_sum.jsp HTTP/1.1" 200 288
0:0:0:0:0:0:0:1 - - [21/Jan/2021:15:40:52 +0900] "GET /02_JSP/ex02_scriptlet_sum.jsp HTTP/1.1" 200 288
0:0:0:0:0:0:0:1 - - [21/Jan/2021:15:40:52 +0900] "GET /02_JSP/ex02_scriptlet_sum.jsp HTTP/1.1" 200 288
0:0:0:0:0:0:0:1 - - [21/Jan/2021:15:41:01 +0900] "GET /02_JSP/ex02_scriptlet_sum.jsp HTTP/1.1" 200 288
0:0:0:0:0:0:0:1 - - [21/Jan/2021:15:41:01 +0900] "GET /02_JSP/ex02_scriptlet_sum.jsp HTTP/1.1" 200 288
0:0:0:0:0:0:0:1 - - [21/Jan/2021:15:41:02 +0900] "GET /02_JSP/ex02_scriptlet_sum.jsp HTTP/1.1" 200 288
0:0:0:0:0:0:0:1 - - [21/Jan/2021:15:41:02 +0900] "GET /02_JSP/ex02_scriptlet_sum.jsp HTTP/1.1" 200 288
0:0:0:0:0:0:0:1 - - [21/Jan/2021:15:41:26 +0900] "GET /02_JSP/ex02_scriptlet_sum.jsp HTTP/1.1" 200 288
0:0:0:0:0:0:0:1 - - [21/Jan/2021:15:41:26 +0900] "GET /02_JSP/ex02_scriptlet_sum.jsp HTTP/1.1" 200 288
0:0:0:0:0:0:0:1 - - [21/Jan/2021:15:41:26 +0900] "GET /02_JSP/ex02_scriptlet_sum.jsp HTTP/1.1" 200 288
127.0.0.1 - - [21/Jan/2021:15:42:16 +0900] "GET / HTTP/1.1" 404 807
0:0:0:0:0:0:0:1 - - [21/Jan/2021:15:42:21 +0900] "GET /02_JSP/ex02_scriptlet_sum.jsp HTTP/1.1" 200 288
0:0:0:0:0:0:0:1 - - [21/Jan/2021:15:42:39 +0900] "GET /02_JSP/ex02_scriptlet_sum.jsp HTTP/1.1" 200 296
0:0:0:0:0:0:0:1 - - [21/Jan/2021:15:42:42 +0900] "GET /02_JSP/ex02_scriptlet_sum.jsp HTTP/1.1" 200 296
0:0:0:0:0:0:0:1 - - [21/Jan/2021:15:42:42 +0900] "GET /02_JSP/ex02_scriptlet_sum.jsp HTTP/1.1" 200 296
0:0:0:0:0:0:0:1 - - [21/Jan/2021:15:42:54 +0900] "GET /02_JSP/ex02_scriptlet_sum.jsp HTTP/1.1" 200 295
0:0:0:0:0:0:0:1 - - [21/Jan/2021:15:43:53 +0900] "GET /02_JSP/ex02_scriptlet_sum.jsp HTTP/1.1" 200 288
0:0:0:0:0:0:0:1 - - [21/Jan/2021:15:43:53 +0900] "GET /02_JSP/ex02_scriptlet_sum.jsp HTTP/1.1" 200 288
0:0:0:0:0:0:0:1 - - [21/Jan/2021:15:43:53 +0900] "GET /02_JSP/ex02_scriptlet_sum.jsp HTTP/1.1" 200 288
0:0:0:0:0:0:0:1 - - [21/Jan/2021:15:43:53 +0900] "GET /02_JSP/ex02_scriptlet_sum.jsp HTTP/1.1" 200 288
0:0:0:0:0:0:0:1 - - [21/Jan/2021:15:44:04 +0900] "GET /02_JSP/ex02_scriptlet_sum.jsp HTTP/1.1" 200 295
0:0:0:0:0:0:0:1 - - [21/Jan/2021:15:44:19 +0900] "GET /02_JSP/ex02_scriptlet_sum.jsp HTTP/1.1" 200 296
0:0:0:0:0:0:0:1 - - [21/Jan/2021:15:52:03 +0900] "GET /02_JSP/ex02_scriptlet_sum.jsp HTTP/1.1" 200 311
0:0:0:0:0:0:0:1 - - [21/Jan/2021:15:52:57 +0900] "GET /02_JSP/ex02_scriptlet_sum.jsp HTTP/1.1" 200 311
0:0:0:0:0:0:0:1 - - [21/Jan/2021:15:53:13 +0900] "GET /02_JSP/ex02_scriptlet_sum.jsp HTTP/1.1" 200 311
0:0:0:0:0:0:0:1 - - [21/Jan/2021:15:53:53 +0900] "GET /02_JSP/ex02_scriptlet_sum.jsp HTTP/1.1" 200 311
0:0:0:0:0:0:0:1 - - [21/Jan/2021:15:54:04 +0900] "GET /02_JSP/ex02_scriptlet_sum.jsp HTTP/1.1" 200 313
0:0:0:0:0:0:0:1 - - [21/Jan/2021:15:54:12 +0900] "GET /02_JSP/ex02_scriptlet_sum.jsp HTTP/1.1" 200 311
0:0:0:0:0:0:0:1 - - [21/Jan/2021:15:55:25 +0900] "GET /02_JSP/ex02_scriptlet_sum.jsp HTTP/1.1" 200 311
0:0:0:0:0:0:0:1 - - [21/Jan/2021:16:19:56 +0900] "GET /02_JSP/ex02_scriptlet_sum.jsp HTTP/1.1" 200 283
0:0:0:0:0:0:0:1 - - [21/Jan/2021:16:19:57 +0900] "GET /02_JSP/ex02_scriptlet_sum.jsp HTTP/1.1" 200 283
0:0:0:0:0:0:0:1 - - [21/Jan/2021:16:20:09 +0900] "GET /02_JSP/ex02_scriptlet_sum.jsp HTTP/1.1" 200 289
0:0:0:0:0:0:0:1 - - [21/Jan/2021:16:20:10 +0900] "GET /02_JSP/ex02_scriptlet_sum.jsp HTTP/1.1" 200 289
0:0:0:0:0:0:0:1 - - [21/Jan/2021:16:20:35 +0900] "GET /02_JSP/ex02_scriptlet_sum.jsp HTTP/1.1" 200 325
0:0:0:0:0:0:0:1 - - [21/Jan/2021:16:20:42 +0900] "GET /02_JSP/ex02_scriptlet_sum.jsp HTTP/1.1" 200 295
0:0:0:0:0:0:0:1 - - [21/Jan/2021:16:21:49 +0900] "GET /02_JSP/ex02_scriptlet_sum.jsp HTTP/1.1" 200 295
0:0:0:0:0:0:0:1 - - [21/Jan/2021:16:22:01 +0900] "GET /02_JSP/ex02_scriptlet_sum.jsp HTTP/1.1" 200 295
0:0:0:0:0:0:0:1 - - [21/Jan/2021:16:22:45 +0900] "GET /02_JSP/ex02_scriptlet_sum.jsp HTTP/1.1" 200 295
0:0:0:0:0:0:0:1 - - [21/Jan/2021:16:22:53 +0900] "GET /02_JSP/ex02_scriptlet_sum.jsp HTTP/1.1" 200 295
0:0:0:0:0:0:0:1 - - [21/Jan/2021:16:25:25 +0900] "GET /02_JSP/ex02_scriptlet_sum.jsp HTTP/1.1" 200 329
127.0.0.1 - - [21/Jan/2021:16:29:39 +0900] "GET / HTTP/1.1" 404 807
0:0:0:0:0:0:0:1 - - [21/Jan/2021:16:29:43 +0900] "GET /02_JSP/ex03_expression.jsp HTTP/1.1" 200 351
0:0:0:0:0:0:0:1 - - [21/Jan/2021:16:36:56 +0900] "GET /02_JSP/ex03_expression.jsp HTTP/1.1" 200 672
0:0:0:0:0:0:0:1 - - [21/Jan/2021:16:39:56 +0900] "GET /02_JSP/ex03_expression.jsp HTTP/1.1" 200 772
0:0:0:0:0:0:0:1 - - [21/Jan/2021:16:46:24 +0900] "GET /02_JSP/ex04_req_id_pw.jsp HTTP/1.1" 200 484
0:0:0:0:0:0:0:1 - - [21/Jan/2021:16:48:12 +0900] "GET /02_JSP/ex04_req_id_pw.jsp HTTP/1.1" 200 553
0:0:0:0:0:0:0:1 - - [21/Jan/2021:16:48:40 +0900] "GET /02_JSP/ex04_resp.jsp?id=hong&pw=1234 HTTP/1.1" 404 805
0:0:0:0:0:0:0:1 - - [21/Jan/2021:16:48:51 +0900] "GET /02_JSP/ex04_resp.jsp?id=hong&pw=1234 HTTP/1.1" 404 805
0:0:0:0:0:0:0:1 - - [21/Jan/2021:16:48:53 +0900] "GET /02_JSP/ex04_req_id_pw.jsp HTTP/1.1" 200 553
0:0:0:0:0:0:0:1 - - [21/Jan/2021:16:49:07 +0900] "GET /02_JSP/ex04_resp.jsp?id=hong&pw=1234%27 HTTP/1.1" 404 805
0:0:0:0:0:0:0:1 - - [21/Jan/2021:16:49:34 +0900] "GET /02_JSP/ex04_resp.jsp?id=&pw= HTTP/1.1" 404 805
0:0:0:0:0:0:0:1 - - [21/Jan/2021:16:50:03 +0900] "GET /02_JSP/ex04_req_id_pw.jsp HTTP/1.1" 200 555
0:0:0:0:0:0:0:1 - - [21/Jan/2021:16:50:03 +0900] "GET /02_JSP/ex04_req_id_pw.jsp HTTP/1.1" 200 555
0:0:0:0:0:0:0:1 - - [21/Jan/2021:16:50:40 +0900] "GET /02_JSP/ex04_req_id_pw.jsp HTTP/1.1" 200 553
0:0:0:0:0:0:0:1 - - [21/Jan/2021:16:50:41 +0900] "GET /02_JSP/ex04_resp.jsp?id=&pw= HTTP/1.1" 404 805
0:0:0:0:0:0:0:1 - - [21/Jan/2021:16:51:16 +0900] "GET /02_JSP/ex04_req_id_pw.jsp HTTP/1.1" 200 553
0:0:0:0:0:0:0:1 - - [21/Jan/2021:16:51:23 +0900] "GET /02_JSP/ex04_resp.jsp?id=hong&pw=1111 HTTP/1.1" 404 805
0:0:0:0:0:0:0:1 - - [21/Jan/2021:16:56:03 +0900] "GET /02_JSP/ex04_resp.jsp?id=hong&pw=1111 HTTP/1.1" 200 243
0:0:0:0:0:0:0:1 - - [21/Jan/2021:16:56:55 +0900] "GET /02_JSP/ex04_resp.jsp?id=kim&pw=45 HTTP/1.1" 200 240
0:0:0:0:0:0:0:1 - - [21/Jan/2021:17:26:59 +0900] "GET /02_JSP/ex05_declaration.jsp HTTP/1.1" 200 318
0:0:0:0:0:0:0:1 - - [21/Jan/2021:17:28:57 +0900] "GET /02_JSP/ex05_declaration.jsp HTTP/1.1" 200 360
0:0:0:0:0:0:0:1 - - [21/Jan/2021:17:34:25 +0900] "GET /02_JSP/ex05_declaration.jsp HTTP/1.1" 200 385
0:0:0:0:0:0:0:1 - - [21/Jan/2021:17:34:29 +0900] "GET /02_JSP/ex05_declaration.jsp HTTP/1.1" 200 385
0:0:0:0:0:0:0:1 - - [21/Jan/2021:17:43:09 +0900] "GET /02_JSP/ex06_declaration_%EC%A0%84%EC%97%AD%EB%B3%80%EC%88%98%EA%B3%B5%EC%9C%A0jsp.jsp HTTP/1.1" 200 212
0:0:0:0:0:0:0:1 - - [21/Jan/2021:17:43:19 +0900] "GET /02_JSP/ex06_declaration_%EC%A0%84%EC%97%AD%EB%B3%80%EC%88%98%EA%B3%B5%EC%9C%A0jsp.jsp HTTP/1.1" 200 212
0:0:0:0:0:0:0:1 - - [21/Jan/2021:17:44:01 +0900] "GET /02_JSP/ex06_declaration_%EC%A0%84%EC%97%AD%EB%B3%80%EC%88%98%EA%B3%B5%EC%9C%A0jsp.jsp HTTP/1.1" 200 212
0:0:0:0:0:0:0:1 - - [21/Jan/2021:17:44:03 +0900] "GET /02_JSP/ex06_declaration_%EC%A0%84%EC%97%AD%EB%B3%80%EC%88%98%EA%B3%B5%EC%9C%A0jsp.jsp HTTP/1.1" 200 212
0:0:0:0:0:0:0:1 - - [21/Jan/2021:17:44:05 +0900] "GET /02_JSP/ex06_declaration_%EC%A0%84%EC%97%AD%EB%B3%80%EC%88%98%EA%B3%B5%EC%9C%A0jsp.jsp HTTP/1.1" 200 212
0:0:0:0:0:0:0:1 - - [21/Jan/2021:17:52:45 +0900] "GET /02_JSP/ex07_req_coffee.jsp HTTP/1.1" 200 664
0:0:0:0:0:0:0:1 - - [21/Jan/2021:17:54:51 +0900] "GET /02_JSP/ex07_req_coffee.jsp HTTP/1.1" 200 677
127.0.0.1 - - [21/Jan/2021:23:16:46 +0900] "GET / HTTP/1.1" 404 807
0:0:0:0:0:0:0:1 - - [21/Jan/2021:23:16:59 +0900] "GET /02_JSP/ex07_resp.jsp HTTP/1.1" 500 2607
0:0:0:0:0:0:0:1 - - [21/Jan/2021:23:17:15 +0900] "GET /02_JSP/ex07_req_coffee.jsp HTTP/1.1" 200 677
0:0:0:0:0:0:0:1 - - [21/Jan/2021:23:17:21 +0900] "GET /02_JSP/ex07_resp.jsp?coffe=2&su=3&money=0 HTTP/1.1" 500 2660
0:0:0:0:0:0:0:1 - - [21/Jan/2021:23:17:27 +0900] "GET /02_JSP/ex07_resp.jsp?coffe=2&su=3&money=50000 HTTP/1.1" 500 2660
0:0:0:0:0:0:0:1 - - [21/Jan/2021:23:23:11 +0900] "GET /02_JSP/ex07_req_coffee.jsp HTTP/1.1" 200 681
0:0:0:0:0:0:0:1 - - [21/Jan/2021:23:23:24 +0900] "GET /02_JSP/ex07_resp.jsp?coffee=3&su=3&money=30000 HTTP/1.1" 200 396
